2026-02-05 19:25:47,421 | ERROR | serverwatcher | Failed to add user
Traceback (most recent call last):
  File "C:\Users\Hp\PycharmProjects\ServerWatcher\app\services\user_service.py", line 18, in add_user
    hash_password(password),
    ~~~~~~~~~~~~~^^^^^^^^^^
  File "C:\Users\Hp\PycharmProjects\ServerWatcher\app\core\security.py", line 15, in hash_password
    return pwd_context.hash(password)
           ~~~~~~~~~~~~~~~~^^^^^^^^^^
  File "C:\Users\Hp\PycharmProjects\ServerWatcher\.venv\Lib\site-packages\passlib\context.py", line 2258, in hash
    return record.hash(secret, **kwds)
           ~~~~~~~~~~~^^^^^^^^^^^^^^^^
  File "C:\Users\Hp\PycharmProjects\ServerWatcher\.venv\Lib\site-packages\passlib\utils\handlers.py", line 779, in hash
    self.checksum = self._calc_checksum(secret)
                    ~~~~~~~~~~~~~~~~~~~^^^^^^^^
  File "C:\Users\Hp\PycharmProjects\ServerWatcher\.venv\Lib\site-packages\passlib\handlers\bcrypt.py", line 591, in _calc_checksum
    self._stub_requires_backend()
    ~~~~~~~~~~~~~~~~~~~~~~~~~~~^^
  File "C:\Users\Hp\PycharmProjects\ServerWatcher\.venv\Lib\site-packages\passlib\utils\handlers.py", line 2254, in _stub_requires_backend
    cls.set_backend()
    ~~~~~~~~~~~~~~~^^
  File "C:\Users\Hp\PycharmProjects\ServerWatcher\.venv\Lib\site-packages\passlib\utils\handlers.py", line 2156, in set_backend
    return owner.set_backend(name, dryrun=dryrun)
           ~~~~~~~~~~~~~~~~~^^^^^^^^^^^^^^^^^^^^^
  File "C:\Users\Hp\PycharmProjects\ServerWatcher\.venv\Lib\site-packages\passlib\utils\handlers.py", line 2176, in set_backend
    raise default_error
passlib.exc.MissingBackendError: bcrypt: no backends available -- recommend you install one (e.g. 'pip install bcrypt')
2026-02-05 19:25:59,468 | ERROR | serverwatcher | Failed to add user
Traceback (most recent call last):
  File "C:\Users\Hp\PycharmProjects\ServerWatcher\app\services\user_service.py", line 18, in add_user
    hash_password(password),
    ~~~~~~~~~~~~~^^^^^^^^^^
  File "C:\Users\Hp\PycharmProjects\ServerWatcher\app\core\security.py", line 15, in hash_password
    return pwd_context.hash(password)
           ~~~~~~~~~~~~~~~~^^^^^^^^^^
  File "C:\Users\Hp\PycharmProjects\ServerWatcher\.venv\Lib\site-packages\passlib\context.py", line 2258, in hash
    return record.hash(secret, **kwds)
           ~~~~~~~~~~~^^^^^^^^^^^^^^^^
  File "C:\Users\Hp\PycharmProjects\ServerWatcher\.venv\Lib\site-packages\passlib\utils\handlers.py", line 779, in hash
    self.checksum = self._calc_checksum(secret)
                    ~~~~~~~~~~~~~~~~~~~^^^^^^^^
  File "C:\Users\Hp\PycharmProjects\ServerWatcher\.venv\Lib\site-packages\passlib\handlers\bcrypt.py", line 591, in _calc_checksum
    self._stub_requires_backend()
    ~~~~~~~~~~~~~~~~~~~~~~~~~~~^^
  File "C:\Users\Hp\PycharmProjects\ServerWatcher\.venv\Lib\site-packages\passlib\utils\handlers.py", line 2254, in _stub_requires_backend
    cls.set_backend()
    ~~~~~~~~~~~~~~~^^
  File "C:\Users\Hp\PycharmProjects\ServerWatcher\.venv\Lib\site-packages\passlib\utils\handlers.py", line 2156, in set_backend
    return owner.set_backend(name, dryrun=dryrun)
           ~~~~~~~~~~~~~~~~~^^^^^^^^^^^^^^^^^^^^^
  File "C:\Users\Hp\PycharmProjects\ServerWatcher\.venv\Lib\site-packages\passlib\utils\handlers.py", line 2176, in set_backend
    raise default_error
passlib.exc.MissingBackendError: bcrypt: no backends available -- recommend you install one (e.g. 'pip install bcrypt')
2026-02-05 19:27:29,372 | ERROR | serverwatcher | Failed to add user
Traceback (most recent call last):
  File "C:\Users\Hp\PycharmProjects\ServerWatcher\app\services\user_service.py", line 18, in add_user
    hash_password(password),
    ~~~~~~~~~~~~~^^^^^^^^^^
  File "C:\Users\Hp\PycharmProjects\ServerWatcher\app\core\security.py", line 15, in hash_password
    return pwd_context.hash(password)
           ~~~~~~~~~~~~~~~~^^^^^^^^^^
  File "C:\Users\Hp\PycharmProjects\ServerWatcher\.venv\Lib\site-packages\passlib\context.py", line 2258, in hash
    return record.hash(secret, **kwds)
           ~~~~~~~~~~~^^^^^^^^^^^^^^^^
  File "C:\Users\Hp\PycharmProjects\ServerWatcher\.venv\Lib\site-packages\passlib\utils\handlers.py", line 779, in hash
    self.checksum = self._calc_checksum(secret)
                    ~~~~~~~~~~~~~~~~~~~^^^^^^^^
  File "C:\Users\Hp\PycharmProjects\ServerWatcher\.venv\Lib\site-packages\passlib\handlers\bcrypt.py", line 591, in _calc_checksum
    self._stub_requires_backend()
    ~~~~~~~~~~~~~~~~~~~~~~~~~~~^^
  File "C:\Users\Hp\PycharmProjects\ServerWatcher\.venv\Lib\site-packages\passlib\utils\handlers.py", line 2254, in _stub_requires_backend
    cls.set_backend()
    ~~~~~~~~~~~~~~~^^
  File "C:\Users\Hp\PycharmProjects\ServerWatcher\.venv\Lib\site-packages\passlib\utils\handlers.py", line 2156, in set_backend
    return owner.set_backend(name, dryrun=dryrun)
           ~~~~~~~~~~~~~~~~~^^^^^^^^^^^^^^^^^^^^^
  File "C:\Users\Hp\PycharmProjects\ServerWatcher\.venv\Lib\site-packages\passlib\utils\handlers.py", line 2163, in set_backend
    return cls.set_backend(name, dryrun=dryrun)
           ~~~~~~~~~~~~~~~^^^^^^^^^^^^^^^^^^^^^
  File "C:\Users\Hp\PycharmProjects\ServerWatcher\.venv\Lib\site-packages\passlib\utils\handlers.py", line 2188, in set_backend
    cls._set_backend(name, dryrun)
    ~~~~~~~~~~~~~~~~^^^^^^^^^^^^^^
  File "C:\Users\Hp\PycharmProjects\ServerWatcher\.venv\Lib\site-packages\passlib\utils\handlers.py", line 2311, in _set_backend
    super(SubclassBackendMixin, cls)._set_backend(name, dryrun)
    ~~~~~~~~~~~~~~~~~~~~~~~~~~~~~~~~~~~~~~~~~~~~~^^^^^^^^^^^^^^
  File "C:\Users\Hp\PycharmProjects\ServerWatcher\.venv\Lib\site-packages\passlib\utils\handlers.py", line 2224, in _set_backend
    ok = loader(**kwds)
  File "C:\Users\Hp\PycharmProjects\ServerWatcher\.venv\Lib\site-packages\passlib\handlers\bcrypt.py", line 626, in _load_backend_mixin
    return mixin_cls._finalize_backend_mixin(name, dryrun)
           ~~~~~~~~~~~~~~~~~~~~~~~~~~~~~~~~~^^^^^^^^^^^^^^
  File "C:\Users\Hp\PycharmProjects\ServerWatcher\.venv\Lib\site-packages\passlib\handlers\bcrypt.py", line 421, in _finalize_backend_mixin
    if detect_wrap_bug(IDENT_2A):
       ~~~~~~~~~~~~~~~^^^^^^^^^^
  File "C:\Users\Hp\PycharmProjects\ServerWatcher\.venv\Lib\site-packages\passlib\handlers\bcrypt.py", line 380, in detect_wrap_bug
    if verify(secret, bug_hash):
       ~~~~~~^^^^^^^^^^^^^^^^^^
  File "C:\Users\Hp\PycharmProjects\ServerWatcher\.venv\Lib\site-packages\passlib\utils\handlers.py", line 792, in verify
    return consteq(self._calc_checksum(secret), chk)
                   ~~~~~~~~~~~~~~~~~~~^^^^^^^^
  File "C:\Users\Hp\PycharmProjects\ServerWatcher\.venv\Lib\site-packages\passlib\handlers\bcrypt.py", line 655, in _calc_checksum
    hash = _bcrypt.hashpw(secret, config)
ValueError: password cannot be longer than 72 bytes, truncate manually if necessary (e.g. my_password[:72])
2026-02-05 19:28:09,172 | ERROR | serverwatcher | Failed to add user
Traceback (most recent call last):
  File "C:\Users\Hp\PycharmProjects\ServerWatcher\app\services\user_service.py", line 18, in add_user
    hash_password(password),
    ~~~~~~~~~~~~~^^^^^^^^^^
  File "C:\Users\Hp\PycharmProjects\ServerWatcher\app\core\security.py", line 15, in hash_password
    return pwd_context.hash(password)
           ~~~~~~~~~~~~~~~~^^^^^^^^^^
  File "C:\Users\Hp\PycharmProjects\ServerWatcher\.venv\Lib\site-packages\passlib\context.py", line 2258, in hash
    return record.hash(secret, **kwds)
           ~~~~~~~~~~~^^^^^^^^^^^^^^^^
  File "C:\Users\Hp\PycharmProjects\ServerWatcher\.venv\Lib\site-packages\passlib\utils\handlers.py", line 779, in hash
    self.checksum = self._calc_checksum(secret)
                    ~~~~~~~~~~~~~~~~~~~^^^^^^^^
  File "C:\Users\Hp\PycharmProjects\ServerWatcher\.venv\Lib\site-packages\passlib\handlers\bcrypt.py", line 591, in _calc_checksum
    self._stub_requires_backend()
    ~~~~~~~~~~~~~~~~~~~~~~~~~~~^^
  File "C:\Users\Hp\PycharmProjects\ServerWatcher\.venv\Lib\site-packages\passlib\utils\handlers.py", line 2254, in _stub_requires_backend
    cls.set_backend()
    ~~~~~~~~~~~~~~~^^
  File "C:\Users\Hp\PycharmProjects\ServerWatcher\.venv\Lib\site-packages\passlib\utils\handlers.py", line 2156, in set_backend
    return owner.set_backend(name, dryrun=dryrun)
           ~~~~~~~~~~~~~~~~~^^^^^^^^^^^^^^^^^^^^^
  File "C:\Users\Hp\PycharmProjects\ServerWatcher\.venv\Lib\site-packages\passlib\utils\handlers.py", line 2163, in set_backend
    return cls.set_backend(name, dryrun=dryrun)
           ~~~~~~~~~~~~~~~^^^^^^^^^^^^^^^^^^^^^
  File "C:\Users\Hp\PycharmProjects\ServerWatcher\.venv\Lib\site-packages\passlib\utils\handlers.py", line 2188, in set_backend
    cls._set_backend(name, dryrun)
    ~~~~~~~~~~~~~~~~^^^^^^^^^^^^^^
  File "C:\Users\Hp\PycharmProjects\ServerWatcher\.venv\Lib\site-packages\passlib\utils\handlers.py", line 2311, in _set_backend
    super(SubclassBackendMixin, cls)._set_backend(name, dryrun)
    ~~~~~~~~~~~~~~~~~~~~~~~~~~~~~~~~~~~~~~~~~~~~~^^^^^^^^^^^^^^
  File "C:\Users\Hp\PycharmProjects\ServerWatcher\.venv\Lib\site-packages\passlib\utils\handlers.py", line 2224, in _set_backend
    ok = loader(**kwds)
  File "C:\Users\Hp\PycharmProjects\ServerWatcher\.venv\Lib\site-packages\passlib\handlers\bcrypt.py", line 626, in _load_backend_mixin
    return mixin_cls._finalize_backend_mixin(name, dryrun)
           ~~~~~~~~~~~~~~~~~~~~~~~~~~~~~~~~~^^^^^^^^^^^^^^
  File "C:\Users\Hp\PycharmProjects\ServerWatcher\.venv\Lib\site-packages\passlib\handlers\bcrypt.py", line 421, in _finalize_backend_mixin
    if detect_wrap_bug(IDENT_2A):
       ~~~~~~~~~~~~~~~^^^^^^^^^^
  File "C:\Users\Hp\PycharmProjects\ServerWatcher\.venv\Lib\site-packages\passlib\handlers\bcrypt.py", line 380, in detect_wrap_bug
    if verify(secret, bug_hash):
       ~~~~~~^^^^^^^^^^^^^^^^^^
  File "C:\Users\Hp\PycharmProjects\ServerWatcher\.venv\Lib\site-packages\passlib\utils\handlers.py", line 792, in verify
    return consteq(self._calc_checksum(secret), chk)
                   ~~~~~~~~~~~~~~~~~~~^^^^^^^^
  File "C:\Users\Hp\PycharmProjects\ServerWatcher\.venv\Lib\site-packages\passlib\handlers\bcrypt.py", line 655, in _calc_checksum
    hash = _bcrypt.hashpw(secret, config)
ValueError: password cannot be longer than 72 bytes, truncate manually if necessary (e.g. my_password[:72])
2026-02-05 19:30:46,920 | ERROR | serverwatcher | Failed to add user
Traceback (most recent call last):
  File "C:\Users\Hp\PycharmProjects\ServerWatcher\app\services\user_service.py", line 18, in add_user
    hash_password(password),
    ~~~~~~~~~~~~~^^^^^^^^^^
  File "C:\Users\Hp\PycharmProjects\ServerWatcher\app\core\security.py", line 17, in hash_password
    return pwd_context.hash(password)
           ~~~~~~~~~~~~~~~~^^^^^^^^^^
  File "C:\Users\Hp\PycharmProjects\ServerWatcher\.venv\Lib\site-packages\passlib\context.py", line 2258, in hash
    return record.hash(secret, **kwds)
           ~~~~~~~~~~~^^^^^^^^^^^^^^^^
  File "C:\Users\Hp\PycharmProjects\ServerWatcher\.venv\Lib\site-packages\passlib\utils\handlers.py", line 779, in hash
    self.checksum = self._calc_checksum(secret)
                    ~~~~~~~~~~~~~~~~~~~^^^^^^^^
  File "C:\Users\Hp\PycharmProjects\ServerWatcher\.venv\Lib\site-packages\passlib\handlers\bcrypt.py", line 591, in _calc_checksum
    self._stub_requires_backend()
    ~~~~~~~~~~~~~~~~~~~~~~~~~~~^^
  File "C:\Users\Hp\PycharmProjects\ServerWatcher\.venv\Lib\site-packages\passlib\utils\handlers.py", line 2254, in _stub_requires_backend
    cls.set_backend()
    ~~~~~~~~~~~~~~~^^
  File "C:\Users\Hp\PycharmProjects\ServerWatcher\.venv\Lib\site-packages\passlib\utils\handlers.py", line 2156, in set_backend
    return owner.set_backend(name, dryrun=dryrun)
           ~~~~~~~~~~~~~~~~~^^^^^^^^^^^^^^^^^^^^^
  File "C:\Users\Hp\PycharmProjects\ServerWatcher\.venv\Lib\site-packages\passlib\utils\handlers.py", line 2163, in set_backend
    return cls.set_backend(name, dryrun=dryrun)
           ~~~~~~~~~~~~~~~^^^^^^^^^^^^^^^^^^^^^
  File "C:\Users\Hp\PycharmProjects\ServerWatcher\.venv\Lib\site-packages\passlib\utils\handlers.py", line 2188, in set_backend
    cls._set_backend(name, dryrun)
    ~~~~~~~~~~~~~~~~^^^^^^^^^^^^^^
  File "C:\Users\Hp\PycharmProjects\ServerWatcher\.venv\Lib\site-packages\passlib\utils\handlers.py", line 2311, in _set_backend
    super(SubclassBackendMixin, cls)._set_backend(name, dryrun)
    ~~~~~~~~~~~~~~~~~~~~~~~~~~~~~~~~~~~~~~~~~~~~~^^^^^^^^^^^^^^
  File "C:\Users\Hp\PycharmProjects\ServerWatcher\.venv\Lib\site-packages\passlib\utils\handlers.py", line 2224, in _set_backend
    ok = loader(**kwds)
  File "C:\Users\Hp\PycharmProjects\ServerWatcher\.venv\Lib\site-packages\passlib\handlers\bcrypt.py", line 626, in _load_backend_mixin
    return mixin_cls._finalize_backend_mixin(name, dryrun)
           ~~~~~~~~~~~~~~~~~~~~~~~~~~~~~~~~~^^^^^^^^^^^^^^
  File "C:\Users\Hp\PycharmProjects\ServerWatcher\.venv\Lib\site-packages\passlib\handlers\bcrypt.py", line 421, in _finalize_backend_mixin
    if detect_wrap_bug(IDENT_2A):
       ~~~~~~~~~~~~~~~^^^^^^^^^^
  File "C:\Users\Hp\PycharmProjects\ServerWatcher\.venv\Lib\site-packages\passlib\handlers\bcrypt.py", line 380, in detect_wrap_bug
    if verify(secret, bug_hash):
       ~~~~~~^^^^^^^^^^^^^^^^^^
  File "C:\Users\Hp\PycharmProjects\ServerWatcher\.venv\Lib\site-packages\passlib\utils\handlers.py", line 792, in verify
    return consteq(self._calc_checksum(secret), chk)
                   ~~~~~~~~~~~~~~~~~~~^^^^^^^^
  File "C:\Users\Hp\PycharmProjects\ServerWatcher\.venv\Lib\site-packages\passlib\handlers\bcrypt.py", line 655, in _calc_checksum
    hash = _bcrypt.hashpw(secret, config)
ValueError: password cannot be longer than 72 bytes, truncate manually if necessary (e.g. my_password[:72])
2026-02-05 19:31:00,118 | ERROR | serverwatcher | Failed to add user
Traceback (most recent call last):
  File "C:\Users\Hp\PycharmProjects\ServerWatcher\app\services\user_service.py", line 18, in add_user
    hash_password(password),
    ~~~~~~~~~~~~~^^^^^^^^^^
  File "C:\Users\Hp\PycharmProjects\ServerWatcher\app\core\security.py", line 17, in hash_password
    return pwd_context.hash(password)
           ~~~~~~~~~~~~~~~~^^^^^^^^^^
  File "C:\Users\Hp\PycharmProjects\ServerWatcher\.venv\Lib\site-packages\passlib\context.py", line 2258, in hash
    return record.hash(secret, **kwds)
           ~~~~~~~~~~~^^^^^^^^^^^^^^^^
  File "C:\Users\Hp\PycharmProjects\ServerWatcher\.venv\Lib\site-packages\passlib\utils\handlers.py", line 779, in hash
    self.checksum = self._calc_checksum(secret)
                    ~~~~~~~~~~~~~~~~~~~^^^^^^^^
  File "C:\Users\Hp\PycharmProjects\ServerWatcher\.venv\Lib\site-packages\passlib\handlers\bcrypt.py", line 591, in _calc_checksum
    self._stub_requires_backend()
    ~~~~~~~~~~~~~~~~~~~~~~~~~~~^^
  File "C:\Users\Hp\PycharmProjects\ServerWatcher\.venv\Lib\site-packages\passlib\utils\handlers.py", line 2254, in _stub_requires_backend
    cls.set_backend()
    ~~~~~~~~~~~~~~~^^
  File "C:\Users\Hp\PycharmProjects\ServerWatcher\.venv\Lib\site-packages\passlib\utils\handlers.py", line 2156, in set_backend
    return owner.set_backend(name, dryrun=dryrun)
           ~~~~~~~~~~~~~~~~~^^^^^^^^^^^^^^^^^^^^^
  File "C:\Users\Hp\PycharmProjects\ServerWatcher\.venv\Lib\site-packages\passlib\utils\handlers.py", line 2163, in set_backend
    return cls.set_backend(name, dryrun=dryrun)
           ~~~~~~~~~~~~~~~^^^^^^^^^^^^^^^^^^^^^
  File "C:\Users\Hp\PycharmProjects\ServerWatcher\.venv\Lib\site-packages\passlib\utils\handlers.py", line 2188, in set_backend
    cls._set_backend(name, dryrun)
    ~~~~~~~~~~~~~~~~^^^^^^^^^^^^^^
  File "C:\Users\Hp\PycharmProjects\ServerWatcher\.venv\Lib\site-packages\passlib\utils\handlers.py", line 2311, in _set_backend
    super(SubclassBackendMixin, cls)._set_backend(name, dryrun)
    ~~~~~~~~~~~~~~~~~~~~~~~~~~~~~~~~~~~~~~~~~~~~~^^^^^^^^^^^^^^
  File "C:\Users\Hp\PycharmProjects\ServerWatcher\.venv\Lib\site-packages\passlib\utils\handlers.py", line 2224, in _set_backend
    ok = loader(**kwds)
  File "C:\Users\Hp\PycharmProjects\ServerWatcher\.venv\Lib\site-packages\passlib\handlers\bcrypt.py", line 626, in _load_backend_mixin
    return mixin_cls._finalize_backend_mixin(name, dryrun)
           ~~~~~~~~~~~~~~~~~~~~~~~~~~~~~~~~~^^^^^^^^^^^^^^
  File "C:\Users\Hp\PycharmProjects\ServerWatcher\.venv\Lib\site-packages\passlib\handlers\bcrypt.py", line 421, in _finalize_backend_mixin
    if detect_wrap_bug(IDENT_2A):
       ~~~~~~~~~~~~~~~^^^^^^^^^^
  File "C:\Users\Hp\PycharmProjects\ServerWatcher\.venv\Lib\site-packages\passlib\handlers\bcrypt.py", line 380, in detect_wrap_bug
    if verify(secret, bug_hash):
       ~~~~~~^^^^^^^^^^^^^^^^^^
  File "C:\Users\Hp\PycharmProjects\ServerWatcher\.venv\Lib\site-packages\passlib\utils\handlers.py", line 792, in verify
    return consteq(self._calc_checksum(secret), chk)
                   ~~~~~~~~~~~~~~~~~~~^^^^^^^^
  File "C:\Users\Hp\PycharmProjects\ServerWatcher\.venv\Lib\site-packages\passlib\handlers\bcrypt.py", line 655, in _calc_checksum
    hash = _bcrypt.hashpw(secret, config)
ValueError: password cannot be longer than 72 bytes, truncate manually if necessary (e.g. my_password[:72])
2026-02-05 19:31:52,688 | ERROR | serverwatcher | Failed to add user
Traceback (most recent call last):
  File "C:\Users\Hp\PycharmProjects\ServerWatcher\app\services\user_service.py", line 18, in add_user
    hash_password(password),
    ~~~~~~~~~~~~~^^^^^^^^^^
  File "C:\Users\Hp\PycharmProjects\ServerWatcher\app\core\security.py", line 17, in hash_password
    return pwd_context.hash(password)
           ~~~~~~~~~~~~~~~~^^^^^^^^^^
  File "C:\Users\Hp\PycharmProjects\ServerWatcher\.venv\Lib\site-packages\passlib\context.py", line 2258, in hash
    return record.hash(secret, **kwds)
           ~~~~~~~~~~~^^^^^^^^^^^^^^^^
  File "C:\Users\Hp\PycharmProjects\ServerWatcher\.venv\Lib\site-packages\passlib\utils\handlers.py", line 779, in hash
    self.checksum = self._calc_checksum(secret)
                    ~~~~~~~~~~~~~~~~~~~^^^^^^^^
  File "C:\Users\Hp\PycharmProjects\ServerWatcher\.venv\Lib\site-packages\passlib\handlers\bcrypt.py", line 591, in _calc_checksum
    self._stub_requires_backend()
    ~~~~~~~~~~~~~~~~~~~~~~~~~~~^^
  File "C:\Users\Hp\PycharmProjects\ServerWatcher\.venv\Lib\site-packages\passlib\utils\handlers.py", line 2254, in _stub_requires_backend
    cls.set_backend()
    ~~~~~~~~~~~~~~~^^
  File "C:\Users\Hp\PycharmProjects\ServerWatcher\.venv\Lib\site-packages\passlib\utils\handlers.py", line 2156, in set_backend
    return owner.set_backend(name, dryrun=dryrun)
           ~~~~~~~~~~~~~~~~~^^^^^^^^^^^^^^^^^^^^^
  File "C:\Users\Hp\PycharmProjects\ServerWatcher\.venv\Lib\site-packages\passlib\utils\handlers.py", line 2163, in set_backend
    return cls.set_backend(name, dryrun=dryrun)
           ~~~~~~~~~~~~~~~^^^^^^^^^^^^^^^^^^^^^
  File "C:\Users\Hp\PycharmProjects\ServerWatcher\.venv\Lib\site-packages\passlib\utils\handlers.py", line 2188, in set_backend
    cls._set_backend(name, dryrun)
    ~~~~~~~~~~~~~~~~^^^^^^^^^^^^^^
  File "C:\Users\Hp\PycharmProjects\ServerWatcher\.venv\Lib\site-packages\passlib\utils\handlers.py", line 2311, in _set_backend
    super(SubclassBackendMixin, cls)._set_backend(name, dryrun)
    ~~~~~~~~~~~~~~~~~~~~~~~~~~~~~~~~~~~~~~~~~~~~~^^^^^^^^^^^^^^
  File "C:\Users\Hp\PycharmProjects\ServerWatcher\.venv\Lib\site-packages\passlib\utils\handlers.py", line 2224, in _set_backend
    ok = loader(**kwds)
  File "C:\Users\Hp\PycharmProjects\ServerWatcher\.venv\Lib\site-packages\passlib\handlers\bcrypt.py", line 626, in _load_backend_mixin
    return mixin_cls._finalize_backend_mixin(name, dryrun)
           ~~~~~~~~~~~~~~~~~~~~~~~~~~~~~~~~~^^^^^^^^^^^^^^
  File "C:\Users\Hp\PycharmProjects\ServerWatcher\.venv\Lib\site-packages\passlib\handlers\bcrypt.py", line 421, in _finalize_backend_mixin
    if detect_wrap_bug(IDENT_2A):
       ~~~~~~~~~~~~~~~^^^^^^^^^^
  File "C:\Users\Hp\PycharmProjects\ServerWatcher\.venv\Lib\site-packages\passlib\handlers\bcrypt.py", line 380, in detect_wrap_bug
    if verify(secret, bug_hash):
       ~~~~~~^^^^^^^^^^^^^^^^^^
  File "C:\Users\Hp\PycharmProjects\ServerWatcher\.venv\Lib\site-packages\passlib\utils\handlers.py", line 792, in verify
    return consteq(self._calc_checksum(secret), chk)
                   ~~~~~~~~~~~~~~~~~~~^^^^^^^^
  File "C:\Users\Hp\PycharmProjects\ServerWatcher\.venv\Lib\site-packages\passlib\handlers\bcrypt.py", line 655, in _calc_checksum
    hash = _bcrypt.hashpw(secret, config)
ValueError: password cannot be longer than 72 bytes, truncate manually if necessary (e.g. my_password[:72])
2026-02-05 19:32:05,365 | ERROR | serverwatcher | Failed to add user
Traceback (most recent call last):
  File "C:\Users\Hp\PycharmProjects\ServerWatcher\app\services\user_service.py", line 18, in add_user
    hash_password(password),
    ~~~~~~~~~~~~~^^^^^^^^^^
  File "C:\Users\Hp\PycharmProjects\ServerWatcher\app\core\security.py", line 17, in hash_password
    return pwd_context.hash(password)
           ~~~~~~~~~~~~~~~~^^^^^^^^^^
  File "C:\Users\Hp\PycharmProjects\ServerWatcher\.venv\Lib\site-packages\passlib\context.py", line 2258, in hash
    return record.hash(secret, **kwds)
           ~~~~~~~~~~~^^^^^^^^^^^^^^^^
  File "C:\Users\Hp\PycharmProjects\ServerWatcher\.venv\Lib\site-packages\passlib\utils\handlers.py", line 779, in hash
    self.checksum = self._calc_checksum(secret)
                    ~~~~~~~~~~~~~~~~~~~^^^^^^^^
  File "C:\Users\Hp\PycharmProjects\ServerWatcher\.venv\Lib\site-packages\passlib\handlers\bcrypt.py", line 591, in _calc_checksum
    self._stub_requires_backend()
    ~~~~~~~~~~~~~~~~~~~~~~~~~~~^^
  File "C:\Users\Hp\PycharmProjects\ServerWatcher\.venv\Lib\site-packages\passlib\utils\handlers.py", line 2254, in _stub_requires_backend
    cls.set_backend()
    ~~~~~~~~~~~~~~~^^
  File "C:\Users\Hp\PycharmProjects\ServerWatcher\.venv\Lib\site-packages\passlib\utils\handlers.py", line 2156, in set_backend
    return owner.set_backend(name, dryrun=dryrun)
           ~~~~~~~~~~~~~~~~~^^^^^^^^^^^^^^^^^^^^^
  File "C:\Users\Hp\PycharmProjects\ServerWatcher\.venv\Lib\site-packages\passlib\utils\handlers.py", line 2163, in set_backend
    return cls.set_backend(name, dryrun=dryrun)
           ~~~~~~~~~~~~~~~^^^^^^^^^^^^^^^^^^^^^
  File "C:\Users\Hp\PycharmProjects\ServerWatcher\.venv\Lib\site-packages\passlib\utils\handlers.py", line 2188, in set_backend
    cls._set_backend(name, dryrun)
    ~~~~~~~~~~~~~~~~^^^^^^^^^^^^^^
  File "C:\Users\Hp\PycharmProjects\ServerWatcher\.venv\Lib\site-packages\passlib\utils\handlers.py", line 2311, in _set_backend
    super(SubclassBackendMixin, cls)._set_backend(name, dryrun)
    ~~~~~~~~~~~~~~~~~~~~~~~~~~~~~~~~~~~~~~~~~~~~~^^^^^^^^^^^^^^
  File "C:\Users\Hp\PycharmProjects\ServerWatcher\.venv\Lib\site-packages\passlib\utils\handlers.py", line 2224, in _set_backend
    ok = loader(**kwds)
  File "C:\Users\Hp\PycharmProjects\ServerWatcher\.venv\Lib\site-packages\passlib\handlers\bcrypt.py", line 626, in _load_backend_mixin
    return mixin_cls._finalize_backend_mixin(name, dryrun)
           ~~~~~~~~~~~~~~~~~~~~~~~~~~~~~~~~~^^^^^^^^^^^^^^
  File "C:\Users\Hp\PycharmProjects\ServerWatcher\.venv\Lib\site-packages\passlib\handlers\bcrypt.py", line 421, in _finalize_backend_mixin
    if detect_wrap_bug(IDENT_2A):
       ~~~~~~~~~~~~~~~^^^^^^^^^^
  File "C:\Users\Hp\PycharmProjects\ServerWatcher\.venv\Lib\site-packages\passlib\handlers\bcrypt.py", line 380, in detect_wrap_bug
    if verify(secret, bug_hash):
       ~~~~~~^^^^^^^^^^^^^^^^^^
  File "C:\Users\Hp\PycharmProjects\ServerWatcher\.venv\Lib\site-packages\passlib\utils\handlers.py", line 792, in verify
    return consteq(self._calc_checksum(secret), chk)
                   ~~~~~~~~~~~~~~~~~~~^^^^^^^^
  File "C:\Users\Hp\PycharmProjects\ServerWatcher\.venv\Lib\site-packages\passlib\handlers\bcrypt.py", line 655, in _calc_checksum
    hash = _bcrypt.hashpw(secret, config)
ValueError: password cannot be longer than 72 bytes, truncate manually if necessary (e.g. my_password[:72])
2026-02-05 19:33:02,695 | ERROR | serverwatcher | Failed to add user
Traceback (most recent call last):
  File "C:\Users\Hp\PycharmProjects\ServerWatcher\app\services\user_service.py", line 11, in add_user
    cursor.execute(
    ~~~~~~~~~~~~~~^
        """
        ^^^
    ...<7 lines>...
        ),
        ^^
    )
    ^
sqlite3.OperationalError: table users has no column named password
2026-02-05 19:33:18,640 | ERROR | serverwatcher | Failed to add user
Traceback (most recent call last):
  File "C:\Users\Hp\PycharmProjects\ServerWatcher\app\services\user_service.py", line 11, in add_user
    cursor.execute(
    ~~~~~~~~~~~~~~^
        """
        ^^^
    ...<7 lines>...
        ),
        ^^
    )
    ^
sqlite3.OperationalError: table users has no column named password
2026-02-05 19:35:07,105 | ERROR | serverwatcher | Failed to add user
Traceback (most recent call last):
  File "C:\Users\Hp\PycharmProjects\ServerWatcher\app\services\user_service.py", line 11, in add_user
    cursor.execute(
    ~~~~~~~~~~~~~~^
        """
        ^^^
    ...<7 lines>...
        ),
        ^^
    )
    ^
sqlite3.OperationalError: table users has no column named password
2026-02-05 19:35:30,240 | ERROR | serverwatcher | Failed to add user
Traceback (most recent call last):
  File "C:\Users\Hp\PycharmProjects\ServerWatcher\app\services\user_service.py", line 11, in add_user
    cursor.execute(
    ~~~~~~~~~~~~~~^
        """
        ^^^
    ...<7 lines>...
        ),
        ^^
    )
    ^
sqlite3.OperationalError: table users has no column named password
2026-02-05 19:38:26,935 | ERROR | serverwatcher | Failed to add user
Traceback (most recent call last):
  File "C:\Users\Hp\PycharmProjects\ServerWatcher\app\services\user_service.py", line 11, in add_user
    cursor.execute(
    ~~~~~~~~~~~~~~^
        """
        ^^^
    ...<7 lines>...
        ),
        ^^
    )
    ^
sqlite3.OperationalError: table users has no column named password
2026-02-05 19:38:26,944 | ERROR | serverwatcher | Failed to add user
Traceback (most recent call last):
  File "C:\Users\Hp\PycharmProjects\ServerWatcher\app\services\user_service.py", line 11, in add_user
    cursor.execute(
    ~~~~~~~~~~~~~~^
        """
        ^^^
    ...<7 lines>...
        ),
        ^^
    )
    ^
sqlite3.OperationalError: table users has no column named password
2026-02-05 19:38:28,763 | ERROR | serverwatcher | Failed to add user
Traceback (most recent call last):
  File "C:\Users\Hp\PycharmProjects\ServerWatcher\app\services\user_service.py", line 11, in add_user
    cursor.execute(
    ~~~~~~~~~~~~~~^
        """
        ^^^
    ...<7 lines>...
        ),
        ^^
    )
    ^
sqlite3.OperationalError: table users has no column named password
2026-02-05 19:38:28,789 | ERROR | serverwatcher | Failed to add user
Traceback (most recent call last):
  File "C:\Users\Hp\PycharmProjects\ServerWatcher\app\services\user_service.py", line 11, in add_user
    cursor.execute(
    ~~~~~~~~~~~~~~^
        """
        ^^^
    ...<7 lines>...
        ),
        ^^
    )
    ^
sqlite3.OperationalError: table users has no column named password
